Cold round 1/3, position 1/3: projectService
projectService: 2257.5 ms; all 188 normalized components match
Cold round 1/3, position 2/3: native
native: 1259.6 ms; all 188 normalized components match
Cold round 1/3, position 3/3: storybook
storybook: 2605.3 ms; all 188 normalized components match
Cold round 2/3, position 1/3: native
native: 1249.5 ms; all 188 normalized components match
Cold round 2/3, position 2/3: storybook
storybook: 2591.1 ms; all 188 normalized components match
Cold round 2/3, position 3/3: projectService
projectService: 2160.5 ms; all 188 normalized components match
Cold round 3/3, position 1/3: storybook
storybook: 2578.9 ms; all 188 normalized components match
Cold round 3/3, position 2/3: projectService
projectService: 2185.0 ms; all 188 normalized components match
Cold round 3/3, position 3/3: native
native: 1278.5 ms; all 188 normalized components match
[
  {
    "mode": "projectService",
    "valuesMs": [
      2257.5212,
      2160.5259,
      2184.9583
    ],
    "medianMs": 2184.9583,
    "madMs": 24.43239999999969
  },
  {
    "mode": "native",
    "valuesMs": [
      1259.5595,
      1249.525,
      1278.4907
    ],
    "medianMs": 1259.5595,
    "madMs": 10.03449999999998
  },
  {
    "mode": "storybook",
    "valuesMs": [
      2605.2796,
      2591.0527,
      2578.8934
    ],
    "medianMs": 2591.0527,
    "madMs": 12.159300000000258
  }
]
