Cold round 1/3, position 1/3: projectService
projectService: 2089.2 ms; all 188 normalized components match
Cold round 1/3, position 2/3: native
native: 1229.2 ms; all 188 normalized components match
Cold round 1/3, position 3/3: storybook
storybook: 2600.8 ms; all 188 normalized components match
Cold round 2/3, position 1/3: native
native: 1245.7 ms; all 188 normalized components match
Cold round 2/3, position 2/3: storybook
storybook: 2688.1 ms; all 188 normalized components match
Cold round 2/3, position 3/3: projectService
projectService: 2205.3 ms; all 188 normalized components match
Cold round 3/3, position 1/3: storybook
storybook: 2641.7 ms; all 188 normalized components match
Cold round 3/3, position 2/3: projectService
projectService: 2176.7 ms; all 188 normalized components match
Cold round 3/3, position 3/3: native
native: 1275.8 ms; all 188 normalized components match
[
  {
    "mode": "projectService",
    "valuesMs": [
      2089.2439000000004,
      2205.308,
      2176.7088999999996
    ],
    "medianMs": 2176.7088999999996,
    "madMs": 28.599100000000362
  },
  {
    "mode": "native",
    "valuesMs": [
      1229.1729,
      1245.7467,
      1275.7916
    ],
    "medianMs": 1245.7467,
    "madMs": 16.573799999999892
  },
  {
    "mode": "storybook",
    "valuesMs": [
      2600.7690000000002,
      2688.0974,
      2641.731
    ],
    "medianMs": 2641.731,
    "madMs": 40.96199999999999
  }
]
